============================================================
STEP 1 ΓÇö Health Check
============================================================
node : Fatal error: fetch failed
At line:1 char:1
+ node test_mcp.js > test_output.txt 2>&1
+ ~~~~~~~~~~~~~~~~~~~~~~~~~~~~~~~~~~~~~~~
    + CategoryInfo          : NotSpecifie 
   d: (Fatal error: fetch failed:String)  
   [], RemoteException
    + FullyQualifiedErrorId : NativeComma 
   ndError
 
